#
# There is insufficient memory for the Java Runtime Environment to continue.
# Native memory allocation (mmap) failed to map 266338304 bytes for G1 virtual space
# Possible reasons:
#   The system is out of physical RAM or swap space
#   The process is running with CompressedOops enabled, and the Java Heap may be blocking the growth of the native heap
# Possible solutions:
#   Reduce memory load on the system
#   Increase physical memory or swap space
#   Check if swap backing store is full
#   Decrease Java heap size (-Xmx/-Xms)
#   Decrease number of Java threads
#   Decrease Java thread stack sizes (-Xss)
#   Set larger code cache with -XX:ReservedCodeCacheSize=
#   JVM is running with Zero Based Compressed Oops mode in which the Java heap is
#     placed in the first 32GB address space. The Java Heap base address is the
#     maximum limit for the native heap growth. Please use -XX:HeapBaseMinAddress
#     to set the Java Heap base and to place the Java Heap above 32GB virtual address.
# This output file may be truncated or incomplete.
#
#  Out of Memory Error (os_windows.cpp:3551), pid=12748, tid=36588
#
# JRE version:  (17.0.16+12) (build )
# Java VM: Java HotSpot(TM) 64-Bit Server VM (17.0.16+12-LTS-247, mixed mode, emulated-client, sharing, tiered, compressed oops, compressed class ptrs, g1 gc, windows-amd64)
# No core dump will be written. Minidumps are not enabled by default on client versions of Windows
#

---------------  S U M M A R Y ------------

Command Line: -XX:TieredStopAtLevel=1 com.gym_membership.GymManagementApplication

Host: 11th Gen Intel(R) Core(TM) i5-1155G7 @ 2.50GHz, 8 cores, 15G,  Windows 11 , 64 bit Build 26100 (10.0.26100.8737)
Time: Tue Jul 14 01:33:41 2026 India Standard Time elapsed time: 1.331749 seconds (0d 0h 0m 1s)

---------------  T H R E A D  ---------------

Current thread (0x00000260e0254c30):  JavaThread "Unknown thread" [_thread_in_vm, id=36588, stack(0x000000f453500000,0x000000f453600000)]

Stack: [0x000000f453500000,0x000000f453600000]
Native frames: (J=compiled Java code, j=interpreted, Vv=VM code, C=native code)
V  [jvm.dll+0x67a46a]
V  [jvm.dll+0x7da77d]
V  [jvm.dll+0x7dc0c3]
V  [jvm.dll+0x7dc733]
V  [jvm.dll+0x24523f]
V  [jvm.dll+0x677499]
V  [jvm.dll+0x66c122]
V  [jvm.dll+0x302156]
V  [jvm.dll+0x3096f6]
V  [jvm.dll+0x35a04e]
V  [jvm.dll+0x35a27f]
V  [jvm.dll+0x2d9228]
V  [jvm.dll+0x2da194]
V  [jvm.dll+0x7acf61]
V  [jvm.dll+0x3678b1]
V  [jvm.dll+0x78bf39]
V  [jvm.dll+0x3ecc6e]
V  [jvm.dll+0x3ee8a1]
C  [jli.dll+0x5297]
C  [ucrtbase.dll+0x2cd30]
C  [KERNEL32.DLL+0x2e957]
C  [ntdll.dll+0xaad6c]


---------------  P R O C E S S  ---------------

Threads class SMR info:
_java_thread_list=0x00007ffa2b418a18, length=0, elements={
}

Java Threads: ( => current thread )

Other Threads:
  0x00000260e02cbf70 GCTaskThread "GC Thread#0" [stack: 0x000000f453600000,0x000000f453700000] [id=33660]
  0x00000260e02dcad0 ConcurrentGCThread "G1 Main Marker" [stack: 0x000000f453700000,0x000000f453800000] [id=27244]
  0x00000260e02de1b0 ConcurrentGCThread "G1 Conc#0" [stack: 0x000000f453800000,0x000000f453900000] [id=14448]

[error occurred during error reporting (printing all threads), id 0xc0000005, EXCEPTION_ACCESS_VIOLATION (0xc0000005) at pc=0x00007ffa2ac49d17]

VM state: not at safepoint (not fully initialized)

VM Mutex/Monitor currently owned by a thread:  ([mutex/lock_event])
[0x00000260e0244c30] Heap_lock - owner thread: 0x00000260e0254c30

Heap address: 0x0000000703e00000, size: 4034 MB, Compressed Oops mode: Zero based, Oop shift amount: 3

CDS archive(s) mapped at: [0x0000000000000000-0x0000000000000000-0x0000000000000000), size 0, SharedBaseAddress: 0x0000000800000000, ArchiveRelocationMode: 1.
Narrow klass base: 0x0000000000000000, Narrow klass shift: 0, Narrow klass range: 0x0

GC Precious Log:
<Empty>

Heap:
 garbage-first heap   total 0K, used 0K [0x0000000703e00000, 0x0000000800000000)
  region size 2048K, 0 young (0K), 0 survivors (0K)

[error occurred during error reporting (printing heap information), id 0xc0000005, EXCEPTION_ACCESS_VIOLATION (0xc0000005) at pc=0x00007ffa2b033c09]

GC Heap History (0 events):
No events

Deoptimization events (0 events):
No events

Classes unloaded (0 events):
No events

Classes redefined (0 events):
No events

Internal exceptions (0 events):
No events

VM Operations (0 events):
No events

Events (1 events):
Event: 0.011 Loaded shared library C:\Program Files\Java\jdk-17\bin\java.dll


Dynamic libraries:
0x00007ff7f7dd0000 - 0x00007ff7f7de0000 	C:\Program Files\Java\jdk-17\bin\java.exe
0x00007ffb43880000 - 0x00007ffb43ae6000 	C:\WINDOWS\SYSTEM32\ntdll.dll
0x00007ffb43170000 - 0x00007ffb43239000 	C:\WINDOWS\System32\KERNEL32.DLL
0x00007ffb40e40000 - 0x00007ffb41240000 	C:\WINDOWS\System32\KERNELBASE.dll
0x00007ffb41450000 - 0x00007ffb4159c000 	C:\WINDOWS\System32\ucrtbase.dll
0x00007ffb3b300000 - 0x00007ffb3b31b000 	C:\Program Files\Java\jdk-17\bin\VCRUNTIME140.dll
0x00007ffb0d010000 - 0x00007ffb0d029000 	C:\Program Files\Java\jdk-17\bin\jli.dll
0x00007ffb426c0000 - 0x00007ffb42777000 	C:\WINDOWS\System32\ADVAPI32.dll
0x00007ffb428f0000 - 0x00007ffb42999000 	C:\WINDOWS\System32\msvcrt.dll
0x00007ffb41e60000 - 0x00007ffb41f0a000 	C:\WINDOWS\System32\sechost.dll
0x00007ffb43050000 - 0x00007ffb43168000 	C:\WINDOWS\System32\RPCRT4.dll
0x00007ffb43500000 - 0x00007ffb436c7000 	C:\WINDOWS\System32\USER32.dll
0x00007ffb40c20000 - 0x00007ffb40c47000 	C:\WINDOWS\System32\win32u.dll
0x00007ffb434b0000 - 0x00007ffb434db000 	C:\WINDOWS\System32\GDI32.dll
0x00007ffb26b70000 - 0x00007ffb26e02000 	C:\WINDOWS\WinSxS\amd64_microsoft.windows.common-controls_6595b64144ccf1df_6.0.26100.8737_none_3e092eaee333b772\COMCTL32.dll
0x00007ffb40c50000 - 0x00007ffb40d79000 	C:\WINDOWS\System32\gdi32full.dll
0x00007ffb413a0000 - 0x00007ffb41443000 	C:\WINDOWS\System32\msvcp_win.dll
0x00007ffb375d0000 - 0x00007ffb375db000 	C:\WINDOWS\SYSTEM32\VERSION.dll
0x00007ffb436d0000 - 0x00007ffb43702000 	C:\WINDOWS\System32\IMM32.DLL
0x00007ffb32370000 - 0x00007ffb3237c000 	C:\Program Files\Java\jdk-17\bin\vcruntime140_1.dll
0x00007ffab0560000 - 0x00007ffab05ee000 	C:\Program Files\Java\jdk-17\bin\msvcp140.dll
0x00007ffa2a960000 - 0x00007ffa2b541000 	C:\Program Files\Java\jdk-17\bin\server\jvm.dll
0x00007ffb41f10000 - 0x00007ffb41f18000 	C:\WINDOWS\System32\PSAPI.DLL
0x00007ffb15860000 - 0x00007ffb1586a000 	C:\WINDOWS\SYSTEM32\WSOCK32.dll
0x00007ffb37f80000 - 0x00007ffb37fb6000 	C:\WINDOWS\SYSTEM32\WINMM.dll
0x00007ffb42860000 - 0x00007ffb428e0000 	C:\WINDOWS\System32\WS2_32.dll
0x00007ffb3f780000 - 0x00007ffb3f79b000 	C:\WINDOWS\SYSTEM32\kernel.appcore.dll
0x00007ffb32360000 - 0x00007ffb3236a000 	C:\Program Files\Java\jdk-17\bin\jimage.dll
0x00007ffb3e270000 - 0x00007ffb3e4b2000 	C:\WINDOWS\SYSTEM32\DBGHELP.DLL
0x00007ffb41ad0000 - 0x00007ffb41e53000 	C:\WINDOWS\System32\combase.dll
0x00007ffb42780000 - 0x00007ffb42859000 	C:\WINDOWS\System32\OLEAUT32.dll
0x00007ffb1a4c0000 - 0x00007ffb1a4fb000 	C:\WINDOWS\SYSTEM32\dbgcore.DLL
0x00007ffb412e0000 - 0x00007ffb4138c000 	C:\WINDOWS\System32\bcryptPrimitives.dll
0x00007ffb22840000 - 0x00007ffb22865000 	C:\Program Files\Java\jdk-17\bin\java.dll

dbghelp: loaded successfully - version: 4.0.5 - missing functions: none
symbol engine: initialized successfully - sym options: 0x614 - pdb path: .;C:\Program Files\Java\jdk-17\bin;C:\WINDOWS\SYSTEM32;C:\WINDOWS\WinSxS\amd64_microsoft.windows.common-controls_6595b64144ccf1df_6.0.26100.8737_none_3e092eaee333b772;C:\Program Files\Java\jdk-17\bin\server

VM Arguments:
jvm_args: -XX:TieredStopAtLevel=1 
java_command: com.gym_membership.GymManagementApplication
java_class_path (initial): D:\GYM_Management\explorer\GYM_Management\target\classes;C:\Users\Shashank\.m2\repository\ch\qos\logback\logback-classic\1.5.34\logback-classic-1.5.34.jar;C:\Users\Shashank\.m2\repository\ch\qos\logback\logback-core\1.5.34\logback-core-1.5.34.jar;C:\Users\Shashank\.m2\repository\org\apache\logging\log4j\log4j-to-slf4j\2.24.3\log4j-to-slf4j-2.24.3.jar;C:\Users\Shashank\.m2\repository\org\apache\logging\log4j\log4j-api\2.24.3\log4j-api-2.24.3.jar;C:\Users\Shashank\.m2\repository\org\slf4j\jul-to-slf4j\2.0.18\jul-to-slf4j-2.0.18.jar;C:\Users\Shashank\.m2\repository\jakarta\annotation\jakarta.annotation-api\2.1.1\jakarta.annotation-api-2.1.1.jar;C:\Users\Shashank\.m2\repository\org\yaml\snakeyaml\2.4\snakeyaml-2.4.jar;C:\Users\Shashank\.m2\repository\com\zaxxer\HikariCP\6.3.3\HikariCP-6.3.3.jar;C:\Users\Shashank\.m2\repository\org\springframework\spring-jdbc\6.2.19\spring-jdbc-6.2.19.jar;C:\Users\Shashank\.m2\repository\org\hibernate\orm\hibernate-core\6.6.53.Final\hibernate-core-6.6.53.Final.jar;C:\Users\Shashank\.m2\repository\jakarta\persistence\jakarta.persistence-api\3.1.0\jakarta.persistence-api-3.1.0.jar;C:\Users\Shashank\.m2\repository\jakarta\transaction\jakarta.transaction-api\2.0.1\jakarta.transaction-api-2.0.1.jar;C:\Users\Shashank\.m2\repository\org\jboss\logging\jboss-logging\3.6.3.Final\jboss-logging-3.6.3.Final.jar;C:\Users\Shashank\.m2\repository\org\hibernate\common\hibernate-commons-annotations\7.0.3.Final\hibernate-commons-annotations-7.0.3.Final.jar;C:\Users\Shashank\.m2\repository\io\smallrye\jandex\3.2.0\jandex-3.2.0.jar;C:\Users\Shashank\.m2\repository\com\fasterxml\classmate\1.7.3\classmate-1.7.3.jar;C:\Users\Shashank\.m2\repository\net\bytebuddy\byte-buddy\1.17.8\byte-buddy-1.17.8.jar;C:\Users\Shashank\.m2\repository\org\glassfish\jaxb\jaxb-runtime\4.0.9\jaxb-runtime-4.0.9.jar;C:\Users\Shashank\.m2\repository\org\glassfish\jaxb\jaxb-core\4.0.9\jaxb-core-4.0.9.jar;C:\Users\Shashank\.m2\repository\org\eclipse\angus\an
Launcher Type: SUN_STANDARD

[Global flags]
     intx CICompilerCount                          = 4                                         {product} {ergonomic}
     uint ConcGCThreads                            = 2                                         {product} {ergonomic}
     uint G1ConcRefinementThreads                  = 8                                         {product} {ergonomic}
   size_t G1HeapRegionSize                         = 2097152                                   {product} {ergonomic}
    uintx GCDrainStackTargetSize                   = 64                                        {product} {ergonomic}
   size_t InitialHeapSize                          = 266338304                                 {product} {ergonomic}
   size_t MarkStackSize                            = 4194304                                   {product} {ergonomic}
   size_t MaxHeapSize                              = 4229955584                                {product} {ergonomic}
   size_t MinHeapDeltaBytes                        = 2097152                                   {product} {ergonomic}
   size_t MinHeapSize                              = 8388608                                   {product} {ergonomic}
    uintx NonProfiledCodeHeapSize                  = 0                                      {pd product} {ergonomic}
     bool ProfileInterpreter                       = false                                  {pd product} {command line}
    uintx ProfiledCodeHeapSize                     = 0                                      {pd product} {ergonomic}
   size_t SoftMaxHeapSize                          = 4229955584                             {manageable} {ergonomic}
     intx TieredStopAtLevel                        = 1                                         {product} {command line}
     bool UseCompressedClassPointers               = true                           {product lp64_product} {ergonomic}
     bool UseCompressedOops                        = true                           {product lp64_product} {ergonomic}
     bool UseG1GC                                  = true                                      {product} {ergonomic}
     bool UseLargePagesIndividualAllocation        = false                                  {pd product} {ergonomic}

Logging:
Log output configuration:
 #0: stdout all=warning uptime,level,tags
 #1: stderr all=off uptime,level,tags

Environment Variables:
PATH=C:/sts-4.31.0.RELEASE//plugins/org.eclipse.justj.openjdk.hotspot.jre.full.win32.x86_64_21.0.7.v20250502-0916/jre/bin/server;C:/sts-4.31.0.RELEASE//plugins/org.eclipse.justj.openjdk.hotspot.jre.full.win32.x86_64_21.0.7.v20250502-0916/jre/bin;C:\Program Files\Microsoft SDKs\Azure\CLI2\wbin;C:\Python314\Scripts\;C:\Python314\;D:\Installs\bin;C:\windows\system32;C:\windows;C:\windows\System32\Wbem;C:\windows\System32\WindowsPowerShell\v1.0\;C:\windows\System32\OpenSSH\;C:\Program Files (x86)\NVIDIA Corporation\PhysX\Common;C:\Program Files\NVIDIA Corporation\NVIDIA NvDLISR;C:\Program Files\MySQL\MySQL Server 8.0\bin;C:\WINDOWS\system32;C:\WINDOWS;C:\WINDOWS\System32\Wbem;C:\WINDOWS\System32\WindowsPowerShell\v1.0\;C:\WINDOWS\System32\OpenSSH\;C:\Program Files\dotnet\;C:\Program Files\Azure Data Studio\bin;C:\Program Files (x86)\Microsoft SQL Server\160\Tools\Binn\;C:\Program Files\Microsoft SQL Server\160\Tools\Binn\;C:\Program Files\Microsoft SQL Server\Client SDK\ODBC\170\Tools\Binn\;C:\Program Files\Microsoft SQL Server\160\DTS\Binn\;C:\sqlite3;C:\Program Files\WireGuard\;C:\Program Files\Java\jdk-17\bin;C:\Program Files\Git\cmd;C:\ProgramData\chocolatey\bin;E:\Program Files\nodejs\;C:\Program Files\GitHub CLI\;C:\Program Files\Docker\Docker\resources\bin;C:\Users\Shashank\AppData\Local\Programs\Python\Python313\Scripts\;C:\Users\Shashank\AppData\Local\Programs\Python\Python313\;C:\Program Files\MySQL\MySQL Shell 8.0\bin\;C:\Users\Shashank\AppData\Local\Programs\Python\Python310\Scripts\;C:\Users\Shashank\AppData\Local\Programs\Python\Python310\;C:\Users\Shashank\AppData\Local\Microsoft\WindowsApps;C:\Users\Shashank\AppData\Local\Programs\Microsoft VS Code\bin;C:\Program Files\JetBrains\PyCharm Community Edition 2022.2.3\bin;;C:\Users\Shashank\.dotnet\tools;C:\Program Files\Azure Data Studio\bin;C:\Program Files\MySQL\MySQL Shell 8.0\lib\Python3.10\Lib\sqlite3\test;C:\Users\Shashank\AppData\Roaming\npm;C:\Program Files\Java\jdk-17\bin;;C:\sts-4.31.0.RELEASE;
USERNAME=Shashank
OS=Windows_NT
PROCESSOR_IDENTIFIER=Intel64 Family 6 Model 140 Stepping 2, GenuineIntel



---------------  S Y S T E M  ---------------

OS:
 Windows 11 , 64 bit Build 26100 (10.0.26100.8737)
OS uptime: 0 days 12:43 hours
Hyper-V role detected

CPU: total 8 (initial active 8) (4 cores per cpu, 2 threads per core) family 6 model 140 stepping 2 microcode 0x2c, cx8, cmov, fxsr, ht, mmx, 3dnowpref, sse, sse2, sse3, ssse3, sse4.1, sse4.2, popcnt, lzcnt, tsc, tscinvbit, avx, avx2, aes, erms, clmul, bmi1, bmi2, adx, avx512f, avx512dq, avx512cd, avx512bw, avx512vl, sha, fma, vzeroupper, avx512_vpopcntdq, avx512_vpclmulqdq, avx512_vaes, avx512_vnni, clflush, clflushopt, clwb, avx512_vbmi2, avx512_vbmi, hv

Memory: 4k page, system-wide physical 16133M (363M free)
TotalPageFile size 32593M (AvailPageFile size 182M)
current process WorkingSet (physical memory assigned to process): 13M, peak: 13M
current process commit charge ("private bytes"): 55M, peak: 309M

vm_info: Java HotSpot(TM) 64-Bit Server VM (17.0.16+12-LTS-247) for windows-amd64 JRE (17.0.16+12-LTS-247), built on Jun 27 2025 10:11:42 by "mach5one" with MS VC++ 17.6 (VS2022)

END.
